Iniciando Testes de Seguran├ºa (JWT & API KEY)...

PASS: Request Localhost s/ Header Authorization - Retornou Status 401 corretamente.
PASS: Request Localhost c/ Header Invalido - Retornou Status 401 corretamente.
node : FAIL: 
Request Localhost 
c/ JWT Header 
V├ílido - Esperava 
200, obteve 401
No linha:1 
caractere:1
+ node tests/securit
y_test.js > 
test_output.txt 2>&1
+ ~~~~~~~~~~~~~~~~~~
~~~~~~~~~~~~~~~~~~~~
~~~~~~~~~~~~
    + CategoryInfo  
            : NotS  
  pecified: (FAIL   
 : Request L...2    
00, obteve 401:    
String) [], Rem    
oteException
    + FullyQualifie 
   dErrorId : Nati  
  veCommandError
 
BODY: {"msg":"Unauth
orized: Invalid API 
Key"}

--- Resultado da Auditoria Automatizada ---
COMPROMETIDO: Falhas detectadas nos interceptadores do Express.js
